[affiliaya.itproffer.design/superaffoutbreak/index.html]
[backblue.gif]
[fade.gif]
[index.html]
[affiliaya.itproffer.design/wp-content/plugins/thrive-visual-editor/landing-page/templates/css/base7fc7.css]
[affiliaya.itproffer.design/wp-content/themes/astra/assets/css/minified/style.min531b.css]
[affiliaya.itproffer.design/wp-content/themes/astra/assets/css/minified/menu-animation.min531b.css]
[affiliaya.itproffer.design/wp-includes/css/dist/block-library/style.min9dff.css]
[affiliaya.itproffer.design/wp-content/plugins/thrive-visual-editor/editor/css/thrive_flat7fc7.css]
[affiliaya.itproffer.design/wp-includes/js/jquery/jquery4a5f.js]
[affiliaya.itproffer.design/wp-includes/js/jquery/jquery-migrate.min330a.js]
[affiliaya.itproffer.design/wp-content/uploads/2020/03/favicon-16x16-1.png]
[i.imgur.com/1j7ajZo.png]
[science.leptitox.com/i/headblock_fb.png]
[affiliaya.itproffer.design/superaffoutbreak/_https_/affiliaya.github.io/offerus/wp-content/plugins/thrive-visual-editor/editor/css/images/resp-video-preview/video-preview-placeholder.jpg_]
[i.imgur.com/lXaHIzq.gif]
[i.imgur.com/yFxpfX7.gif]
[i.imgur.com/fNqLx2r.png]
[i.imgur.com/L2dgDKU.png]
[i.imgur.com/pgkE2Kw.png]
[i.imgur.com/BEWFpN3.png]
[i.imgur.com/07QaV0T.png]
[i.imgur.com/BX8RsB5.png]
[i.imgur.com/HCULsAn.png]
[i.imgur.com/rzMrUOU.png]
[i.imgur.com/n5W2Aa2.png]
[i.imgur.com/QEOjy7G.png]
[i.imgur.com/UFwkCwR.png]
[affiliaya.itproffer.design/wp-content/themes/astra/assets/js/minified/style.min531b.js]
[affiliaya.itproffer.design/wp-includes/js/imagesloaded.min55a0.js]
[affiliaya.itproffer.design/wp-includes/js/masonry.mind617.js]
[affiliaya.itproffer.design/wp-includes/js/jquery/jquery.masonry.minef70.js]
[affiliaya.itproffer.design/wp-content/plugins/thrive-visual-editor/editor/js/dist/frontend.min7fc7.js]
[affiliaya.itproffer.design/wp-content/plugins/thrive-visual-editor/thrive-dashboard/js/dist/frontend.minddfc.js]
[affiliaya.itproffer.design/wp-includes/js/wp-embed.min9dff.js]
[affiliaya.itproffer.design/superaffoutbreak/index.html]
[affiliaya.itproffer.design/wp-content/plugins/thrive-visual-editor/landing-page/templates/css/base7fc7.css]
[affiliaya.itproffer.design/wp-content/themes/astra/assets/css/minified/style.min531b.css]
[affiliaya.itproffer.design/wp-content/themes/astra/assets/css/minified/menu-animation.min531b.css]
[affiliaya.itproffer.design/wp-includes/css/dist/block-library/style.min9dff.css]
[affiliaya.itproffer.design/wp-content/plugins/thrive-visual-editor/editor/css/fonts/thrvicomoon/icomoonf2e9.eot]
[affiliaya.itproffer.design/wp-content/plugins/thrive-visual-editor/editor/css/fonts/thrvicomoon/icomoond41d.eot]
[affiliaya.itproffer.design/wp-content/plugins/thrive-visual-editor/editor/css/fonts/thrvicomoon/icomoonf2e9.ttf]
[affiliaya.itproffer.design/wp-content/plugins/thrive-visual-editor/editor/css/fonts/thrvicomoon/icomoonf2e9.woff]
[affiliaya.itproffer.design/wp-content/plugins/thrive-visual-editor/editor/css/fonts/thrvicomoon/icomoonf2e9.svg]
[affiliaya.itproffer.design/wp-content/plugins/thrive-visual-editor/editor/css/images/loader_transparent.gif]
[affiliaya.itproffer.design/wp-content/plugins/thrive-visual-editor/editor/css/images/cc_amex.png]
[affiliaya.itproffer.design/wp-content/plugins/thrive-visual-editor/editor/css/images/cc_discover.png]
[affiliaya.itproffer.design/wp-content/plugins/thrive-visual-editor/editor/css/images/cc_mc.png]
[affiliaya.itproffer.design/wp-content/plugins/thrive-visual-editor/editor/css/images/cc_paypal.png]
[affiliaya.itproffer.design/wp-content/plugins/thrive-visual-editor/editor/css/images/cc_visa.png]
[affiliaya.itproffer.design/wp-content/plugins/thrive-visual-editor/editor/css/images/flat_vSep.png]
[affiliaya.itproffer.design/wp-content/plugins/thrive-visual-editor/editor/css/images/stars.png]
[affiliaya.itproffer.design/wp-content/plugins/thrive-visual-editor/editor/css/images/video_frame_3.png]
[affiliaya.itproffer.design/wp-content/plugins/thrive-visual-editor/editor/css/images/video_frame_4.png]
[affiliaya.itproffer.design/wp-content/plugins/thrive-visual-editor/editor/css/images/video_frame_6.png]
[affiliaya.itproffer.design/wp-content/plugins/thrive-visual-editor/editor/css/images/rv_style_grey_monitor_full.png]
[affiliaya.itproffer.design/wp-content/plugins/thrive-visual-editor/editor/css/images/rv_style_black_monitor_full.png]
[affiliaya.itproffer.design/wp-content/plugins/thrive-visual-editor/editor/css/images/rv_style_black_tablet_full.png]
[affiliaya.itproffer.design/wp-content/plugins/thrive-visual-editor/editor/css/images/rv_style_white_tablet_full.png]
[affiliaya.itproffer.design/wp-content/plugins/thrive-visual-editor/editor/css/images/tve_lock.png]
[affiliaya.itproffer.design/wp-content/plugins/thrive-visual-editor/editor/css/images/thrive-tar.png]
[affiliaya.itproffer.design/wp-content/plugins/thrive-visual-editor/editor/css/images/btn_black.png]
[affiliaya.itproffer.design/wp-content/plugins/thrive-visual-editor/editor/css/images/btn_blue.png]
[affiliaya.itproffer.design/wp-content/plugins/thrive-visual-editor/editor/css/images/btn_green.png]
[affiliaya.itproffer.design/wp-content/plugins/thrive-visual-editor/editor/css/images/btn_orange.png]
[affiliaya.itproffer.design/wp-content/plugins/thrive-visual-editor/editor/css/images/btn_purple.png]
[affiliaya.itproffer.design/wp-content/plugins/thrive-visual-editor/editor/css/images/btn_red.png]
[affiliaya.itproffer.design/wp-content/plugins/thrive-visual-editor/editor/css/images/btn_teal.png]
[affiliaya.itproffer.design/wp-content/plugins/thrive-visual-editor/editor/css/images/btn_white.png]
[affiliaya.itproffer.design/wp-content/plugins/thrive-visual-editor/editor/css/images/btn_small_black.png]
[affiliaya.itproffer.design/wp-content/plugins/thrive-visual-editor/editor/css/images/btn_small_blue.png]
[affiliaya.itproffer.design/wp-content/plugins/thrive-visual-editor/editor/css/images/btn_small_green.png]
[affiliaya.itproffer.design/wp-content/plugins/thrive-visual-editor/editor/css/images/btn_small_orange.png]
[affiliaya.itproffer.design/wp-content/plugins/thrive-visual-editor/editor/css/images/btn_small_purple.png]
[affiliaya.itproffer.design/wp-content/plugins/thrive-visual-editor/editor/css/images/btn_small_red.png]
[affiliaya.itproffer.design/wp-content/plugins/thrive-visual-editor/editor/css/images/btn_small_teal.png]
[affiliaya.itproffer.design/wp-content/plugins/thrive-visual-editor/editor/css/images/btn_small_white.png]
[affiliaya.itproffer.design/wp-content/plugins/thrive-visual-editor/editor/css/images/btn_big_black.png]
[affiliaya.itproffer.design/wp-content/plugins/thrive-visual-editor/editor/css/images/btn_big_blue.png]
[affiliaya.itproffer.design/wp-content/plugins/thrive-visual-editor/editor/css/images/btn_big_green.png]
[affiliaya.itproffer.design/wp-content/plugins/thrive-visual-editor/editor/css/images/btn_big_orange.png]
[affiliaya.itproffer.design/wp-content/plugins/thrive-visual-editor/editor/css/images/btn_big_purple.png]
[affiliaya.itproffer.design/wp-content/plugins/thrive-visual-editor/editor/css/images/btn_big_red.png]
[affiliaya.itproffer.design/wp-content/plugins/thrive-visual-editor/editor/css/images/btn_big_teal.png]
[affiliaya.itproffer.design/wp-content/plugins/thrive-visual-editor/editor/css/images/btn_big_white.png]
[affiliaya.itproffer.design/wp-content/plugins/thrive-visual-editor/editor/css/images/btn_huge_black.png]
[affiliaya.itproffer.design/wp-content/plugins/thrive-visual-editor/editor/css/images/btn_huge_blue.png]
[affiliaya.itproffer.design/wp-content/plugins/thrive-visual-editor/editor/css/images/btn_huge_green.png]
[affiliaya.itproffer.design/wp-content/plugins/thrive-visual-editor/editor/css/images/btn_huge_orange.png]
[affiliaya.itproffer.design/wp-content/plugins/thrive-visual-editor/editor/css/images/btn_huge_purple.png]
[affiliaya.itproffer.design/wp-content/plugins/thrive-visual-editor/editor/css/images/btn_huge_red.png]
[affiliaya.itproffer.design/wp-content/plugins/thrive-visual-editor/editor/css/images/btn_huge_teal.png]
[affiliaya.itproffer.design/wp-content/plugins/thrive-visual-editor/editor/css/images/btn_huge_white.png]
[affiliaya.itproffer.design/wp-content/plugins/thrive-visual-editor/editor/css/images/black_s1_f.png]
[affiliaya.itproffer.design/wp-content/plugins/thrive-visual-editor/editor/css/images/black_s3_f.png]
[affiliaya.itproffer.design/wp-content/plugins/thrive-visual-editor/editor/css/images/blue_s1_f.png]
[affiliaya.itproffer.design/wp-content/plugins/thrive-visual-editor/editor/css/images/blue_s3_f.png]
[affiliaya.itproffer.design/wp-content/plugins/thrive-visual-editor/editor/css/images/green_s1_f.png]
[affiliaya.itproffer.design/wp-content/plugins/thrive-visual-editor/editor/css/images/green_s3_f.png]
[affiliaya.itproffer.design/wp-content/plugins/thrive-visual-editor/editor/css/images/orange_s1_f.png]
[affiliaya.itproffer.design/wp-content/plugins/thrive-visual-editor/editor/css/images/orange_s3_f.png]
[affiliaya.itproffer.design/wp-content/plugins/thrive-visual-editor/editor/css/images/purple_s1_f.png]
[affiliaya.itproffer.design/wp-content/plugins/thrive-visual-editor/editor/css/images/purple_s3_f.png]
[affiliaya.itproffer.design/wp-content/plugins/thrive-visual-editor/editor/css/images/red_s1_f.png]
[affiliaya.itproffer.design/wp-content/plugins/thrive-visual-editor/editor/css/images/red_s3_f.png]
[affiliaya.itproffer.design/wp-content/plugins/thrive-visual-editor/editor/css/images/teal_s1_f.png]
[affiliaya.itproffer.design/wp-content/plugins/thrive-visual-editor/editor/css/images/teal_s3_f.png]
[affiliaya.itproffer.design/wp-content/plugins/thrive-visual-editor/editor/css/images/white_s1_f.png]
[affiliaya.itproffer.design/wp-content/plugins/thrive-visual-editor/editor/css/images/white_s3_f.png]
[affiliaya.itproffer.design/wp-content/plugins/thrive-visual-editor/editor/css/images/cta_arrows.png]
[affiliaya.itproffer.design/wp-content/plugins/thrive-visual-editor/editor/css/images/cta_arrow_black.png]
[affiliaya.itproffer.design/wp-content/plugins/thrive-visual-editor/editor/css/images/cta_arrow_blue.png]
[affiliaya.itproffer.design/wp-content/plugins/thrive-visual-editor/editor/css/images/cta_arrow_green.png]
[affiliaya.itproffer.design/wp-content/plugins/thrive-visual-editor/editor/css/images/cta_arrow_orange.png]
[affiliaya.itproffer.design/wp-content/plugins/thrive-visual-editor/editor/css/images/cta_arrow_purple.png]
[affiliaya.itproffer.design/wp-content/plugins/thrive-visual-editor/editor/css/images/cta_arrow_red.png]
[affiliaya.itproffer.design/wp-content/plugins/thrive-visual-editor/editor/css/images/cta_arrow_teal.png]
[affiliaya.itproffer.design/wp-content/plugins/thrive-visual-editor/editor/css/images/cta_arrow_white.png]
[affiliaya.itproffer.design/wp-content/plugins/thrive-visual-editor/editor/css/images/qc_black.png]
[affiliaya.itproffer.design/wp-content/plugins/thrive-visual-editor/editor/css/images/qc_r_black.png]
[affiliaya.itproffer.design/wp-content/plugins/thrive-visual-editor/editor/css/images/q_r_black.png]
[affiliaya.itproffer.design/wp-content/plugins/thrive-visual-editor/editor/css/images/q_l_black.png]
[affiliaya.itproffer.design/wp-content/plugins/thrive-visual-editor/editor/css/images/qc_blue.png]
[affiliaya.itproffer.design/wp-content/plugins/thrive-visual-editor/editor/css/images/qc_r_blue.png]
[affiliaya.itproffer.design/wp-content/plugins/thrive-visual-editor/editor/css/images/q_r_blue.png]
[affiliaya.itproffer.design/wp-content/plugins/thrive-visual-editor/editor/css/images/q_l_blue.png]
[affiliaya.itproffer.design/wp-content/plugins/thrive-visual-editor/editor/css/images/qc_green.png]
[affiliaya.itproffer.design/wp-content/plugins/thrive-visual-editor/editor/css/images/qc_r_green.png]
[affiliaya.itproffer.design/wp-content/plugins/thrive-visual-editor/editor/css/images/q_r_green.png]
[affiliaya.itproffer.design/wp-content/plugins/thrive-visual-editor/editor/css/images/q_l_green.png]
[affiliaya.itproffer.design/wp-content/plugins/thrive-visual-editor/editor/css/images/qc_orange.png]
[affiliaya.itproffer.design/wp-content/plugins/thrive-visual-editor/editor/css/images/qc_r_orange.png]
[affiliaya.itproffer.design/wp-content/plugins/thrive-visual-editor/editor/css/images/q_r_orange.png]
[affiliaya.itproffer.design/wp-content/plugins/thrive-visual-editor/editor/css/images/q_l_orange.png]
[affiliaya.itproffer.design/wp-content/plugins/thrive-visual-editor/editor/css/images/qc_purple.png]
[affiliaya.itproffer.design/wp-content/plugins/thrive-visual-editor/editor/css/images/qc_r_purple.png]
[affiliaya.itproffer.design/wp-content/plugins/thrive-visual-editor/editor/css/images/q_r_purple.png]
[affiliaya.itproffer.design/wp-content/plugins/thrive-visual-editor/editor/css/images/q_l_purple.png]
[affiliaya.itproffer.design/wp-content/plugins/thrive-visual-editor/editor/css/images/qc_red.png]
[affiliaya.itproffer.design/wp-content/plugins/thrive-visual-editor/editor/css/images/qc_r_red.png]
[affiliaya.itproffer.design/wp-content/plugins/thrive-visual-editor/editor/css/images/q_r_red.png]
[affiliaya.itproffer.design/wp-content/plugins/thrive-visual-editor/editor/css/images/q_l_red.png]
[affiliaya.itproffer.design/wp-content/plugins/thrive-visual-editor/editor/css/images/qc_teal.png]
[affiliaya.itproffer.design/wp-content/plugins/thrive-visual-editor/editor/css/images/qc_r_teal.png]
[affiliaya.itproffer.design/wp-content/plugins/thrive-visual-editor/editor/css/images/q_r_teal.png]
[affiliaya.itproffer.design/wp-content/plugins/thrive-visual-editor/editor/css/images/q_l_teal.png]
[affiliaya.itproffer.design/wp-content/plugins/thrive-visual-editor/editor/css/images/qc_white.png]
[affiliaya.itproffer.design/wp-content/plugins/thrive-visual-editor/editor/css/images/qc_r_white.png]
[affiliaya.itproffer.design/wp-content/plugins/thrive-visual-editor/editor/css/images/q_r_white.png]
[affiliaya.itproffer.design/wp-content/plugins/thrive-visual-editor/editor/css/images/q_l_white.png]
[affiliaya.itproffer.design/wp-content/plugins/thrive-visual-editor/editor/css/images/ul1_f_black.png]
[affiliaya.itproffer.design/wp-content/plugins/thrive-visual-editor/editor/css/images/ul2_f_black.png]
[affiliaya.itproffer.design/wp-content/plugins/thrive-visual-editor/editor/css/images/ul3_f_black.png]
[affiliaya.itproffer.design/wp-content/plugins/thrive-visual-editor/editor/css/images/ul4_f_black.png]
[affiliaya.itproffer.design/wp-content/plugins/thrive-visual-editor/editor/css/images/ul5_f_black.png]
[affiliaya.itproffer.design/wp-content/plugins/thrive-visual-editor/editor/css/images/ul6_f_black.png]
[affiliaya.itproffer.design/wp-content/plugins/thrive-visual-editor/editor/css/images/ul7_f_black.png]
[affiliaya.itproffer.design/wp-content/plugins/thrive-visual-editor/editor/css/images/ul1_f_blue.png]
[affiliaya.itproffer.design/wp-content/plugins/thrive-visual-editor/editor/css/images/ul2_f_blue.png]
[affiliaya.itproffer.design/wp-content/plugins/thrive-visual-editor/editor/css/images/ul3_f_blue.png]
[affiliaya.itproffer.design/wp-content/plugins/thrive-visual-editor/editor/css/images/ul4_f_blue.png]
[affiliaya.itproffer.design/wp-content/plugins/thrive-visual-editor/editor/css/images/ul5_f_blue.png]
[affiliaya.itproffer.design/wp-content/plugins/thrive-visual-editor/editor/css/images/ul6_f_blue.png]
[affiliaya.itproffer.design/wp-content/plugins/thrive-visual-editor/editor/css/images/ul7_f_blue.png]
[affiliaya.itproffer.design/wp-content/plugins/thrive-visual-editor/editor/css/images/ul1_f_green.png]
[affiliaya.itproffer.design/wp-content/plugins/thrive-visual-editor/editor/css/images/ul2_f_green.png]
[affiliaya.itproffer.design/wp-content/plugins/thrive-visual-editor/editor/css/images/ul3_f_green.png]
[affiliaya.itproffer.design/wp-content/plugins/thrive-visual-editor/editor/css/images/ul4_f_green.png]
[affiliaya.itproffer.design/wp-content/plugins/thrive-visual-editor/editor/css/images/ul5_f_green.png]
[affiliaya.itproffer.design/wp-content/plugins/thrive-visual-editor/editor/css/images/ul6_f_green.png]
[affiliaya.itproffer.design/wp-content/plugins/thrive-visual-editor/editor/css/images/ul7_f_green.png]
[affiliaya.itproffer.design/wp-content/plugins/thrive-visual-editor/editor/css/images/ul1_f_orange.png]
[affiliaya.itproffer.design/wp-content/plugins/thrive-visual-editor/editor/css/images/ul2_f_orange.png]
[affiliaya.itproffer.design/wp-content/plugins/thrive-visual-editor/editor/css/images/ul3_f_orange.png]
[affiliaya.itproffer.design/wp-content/plugins/thrive-visual-editor/editor/css/images/ul4_f_orange.png]
[affiliaya.itproffer.design/wp-content/plugins/thrive-visual-editor/editor/css/images/ul5_f_orange.png]
[affiliaya.itproffer.design/wp-content/plugins/thrive-visual-editor/editor/css/images/ul6_f_orange.png]
[affiliaya.itproffer.design/wp-content/plugins/thrive-visual-editor/editor/css/images/ul7_f_orange.png]
[affiliaya.itproffer.design/wp-content/plugins/thrive-visual-editor/editor/css/images/ul1_f_purple.png]
[affiliaya.itproffer.design/wp-content/plugins/thrive-visual-editor/editor/css/images/ul2_f_purple.png]
[affiliaya.itproffer.design/wp-content/plugins/thrive-visual-editor/editor/css/images/ul3_f_purple.png]
[affiliaya.itproffer.design/wp-content/plugins/thrive-visual-editor/editor/css/images/ul4_f_purple.png]
[affiliaya.itproffer.design/wp-content/plugins/thrive-visual-editor/editor/css/images/ul5_f_purple.png]
[affiliaya.itproffer.design/wp-content/plugins/thrive-visual-editor/editor/css/images/ul6_f_purple.png]
[affiliaya.itproffer.design/wp-content/plugins/thrive-visual-editor/editor/css/images/ul7_f_purple.png]
[affiliaya.itproffer.design/wp-content/plugins/thrive-visual-editor/editor/css/images/ul1_f_red.png]
[affiliaya.itproffer.design/wp-content/plugins/thrive-visual-editor/editor/css/images/ul2_f_red.png]
[affiliaya.itproffer.design/wp-content/plugins/thrive-visual-editor/editor/css/images/ul3_f_red.png]
[affiliaya.itproffer.design/wp-content/plugins/thrive-visual-editor/editor/css/images/ul4_f_red.png]
[affiliaya.itproffer.design/wp-content/plugins/thrive-visual-editor/editor/css/images/ul5_f_red.png]
[affiliaya.itproffer.design/wp-content/plugins/thrive-visual-editor/editor/css/images/ul6_f_red.png]
[affiliaya.itproffer.design/wp-content/plugins/thrive-visual-editor/editor/css/images/ul7_f_red.png]
[affiliaya.itproffer.design/wp-content/plugins/thrive-visual-editor/editor/css/images/ul1_f_teal.png]
[affiliaya.itproffer.design/wp-content/plugins/thrive-visual-editor/editor/css/images/ul2_f_teal.png]
[affiliaya.itproffer.design/wp-content/plugins/thrive-visual-editor/editor/css/images/ul3_f_teal.png]
[affiliaya.itproffer.design/wp-content/plugins/thrive-visual-editor/editor/css/images/ul4_f_teal.png]
[affiliaya.itproffer.design/wp-content/plugins/thrive-visual-editor/editor/css/images/ul5_f_teal.png]
[affiliaya.itproffer.design/wp-content/plugins/thrive-visual-editor/editor/css/images/ul6_f_teal.png]
[affiliaya.itproffer.design/wp-content/plugins/thrive-visual-editor/editor/css/images/ul7_f_teal.png]
[affiliaya.itproffer.design/wp-content/plugins/thrive-visual-editor/editor/css/images/ul1_f_white.png]
[affiliaya.itproffer.design/wp-content/plugins/thrive-visual-editor/editor/css/images/ul2_f_white.png]
[affiliaya.itproffer.design/wp-content/plugins/thrive-visual-editor/editor/css/images/ul3_f_white.png]
[affiliaya.itproffer.design/wp-content/plugins/thrive-visual-editor/editor/css/images/ul4_f_white.png]
[affiliaya.itproffer.design/wp-content/plugins/thrive-visual-editor/editor/css/images/ul5_f_white.png]
[affiliaya.itproffer.design/wp-content/plugins/thrive-visual-editor/editor/css/images/ul6_f_white.png]
[affiliaya.itproffer.design/wp-content/plugins/thrive-visual-editor/editor/css/images/ul7_f_white.png]
[affiliaya.itproffer.design/wp-content/plugins/thrive-visual-editor/editor/css/images/flat_sep2.png]
[affiliaya.itproffer.design/wp-content/plugins/thrive-visual-editor/editor/css/images/flat_sep3.png]
[affiliaya.itproffer.design/wp-content/plugins/thrive-visual-editor/editor/css/images/flat_sep4.png]
[affiliaya.itproffer.design/wp-content/plugins/thrive-visual-editor/editor/css/images/toggle_closed.png]
[affiliaya.itproffer.design/wp-content/plugins/thrive-visual-editor/editor/css/images/tw.png]
[affiliaya.itproffer.design/wp-content/plugins/thrive-visual-editor/editor/css/thrive_flat7fc7.css]
[affiliaya.itproffer.design/superaffoutbreak/_https_/affiliaya.github.io/offerus/wp-content/plugins/thrive-visual-editor/editor/css/images/resp-video-preview/video-preview-placeholder.html]
[affiliaya.itproffer.design/wp-content/plugins/thrive-visual-editor/editor/css/fonts/thrvicomoon/icomoonf2e9.svg]
